Health check at Thu Oct  8 10:09:56 CDT 2026
Health check at Thu Oct  8 10:14:01 CDT 2026
<!DOCTYPE html>
<html>
<head>
    <title>YMB Banking</title>
    <style>
        body { font-family: Arial; background: #f2f2f2; padding: 40px; }
        h1 { color: #003366; }
        a { display: block; margin: 10px 0; font-size: 20px; }
    </style>
</head>
<body>
    <h1>Welcome to YMB Banking</h1>
    <p>Your Money Bank - Sprint 2</p>

    <a href="/register.html">Register</a>
    <a href="/login.html">Login</a>
    <a href="/deposit.html">Deposit</a>
    <a href="/withdraw.html">Withdraw</a>
    <a href="/dashboard.html">Dashboard</a>
</body>
</html>
Health check at Thu Oct  8 10:17:06 CDT 2026
<!DOCTYPE html>
<html>
<head>
    <title>YMB Banking</title>
    <style>
        body { font-family: Arial; background: #f2f2f2; padding: 40px; }
        h1 { color: #003366; }
        a { display: block; margin: 10px 0; font-size: 20px; }
    </style>
</head>
<body>
    <h1>Welcome to YMB Banking</h1>
    <p>Your Money Bank - Sprint 2</p>

    <a href="/register.html">Register</a>
    <a href="/login.html">Login</a>
    <a href="/deposit.html">Deposit</a>
    <a href="/withdraw.html">Withdraw</a>
    <a href="/dashboard.html">Dashboard</a>
</body>
</html>
Health check at Thu Oct  8 10:29:06 CDT 2026
<!DOCTYPE html>
<html>
<head>
<title>Welcome to nginx!</title>
<style>
html { color-scheme: light dark; }
body { width: 35em; margin: 0 auto;
font-family: Tahoma, Verdana, Arial, sans-serif; }
</style>
</head>
<body>
<h1>Welcome to nginx!</h1>
<p>If you see this page, nginx is successfully installed and working.
Further configuration is required for the web server, reverse proxy, 
API gateway, load balancer, content cache, or other features.</p>

<p>For online documentation and support please refer to
<a href="https://nginx.org/">nginx.org</a>.<br/>
To engage with the community please visit
<a href="https://community.nginx.org/">community.nginx.org</a>.<br/>
For enterprise grade support, professional services, additional 
security features and capabilities please refer to
<a href="https://f5.com/nginx">f5.com/nginx</a>.</p>

<p><em>Thank you for using nginx.</em></p>
</body>
</html>
{"action":"register","status":"ok"}
{"action":"deposit","status":"ok"}
{"action":"withdraw","status":"ok"}
Health check at Thu Oct  8 10:33:29 CDT 2026
<!DOCTYPE html>
<html>
<head>
<title>Welcome to nginx!</title>
<style>
html { color-scheme: light dark; }
body { width: 35em; margin: 0 auto;
font-family: Tahoma, Verdana, Arial, sans-serif; }
</style>
</head>
<body>
<h1>Welcome to nginx!</h1>
<p>If you see this page, nginx is successfully installed and working.
Further configuration is required for the web server, reverse proxy, 
API gateway, load balancer, content cache, or other features.</p>

<p>For online documentation and support please refer to
<a href="https://nginx.org/">nginx.org</a>.<br/>
To engage with the community please visit
<a href="https://community.nginx.org/">community.nginx.org</a>.<br/>
For enterprise grade support, professional services, additional 
security features and capabilities please refer to
<a href="https://f5.com/nginx">f5.com/nginx</a>.</p>

<p><em>Thank you for using nginx.</em></p>
</body>
</html>
{"action":"register","status":"ok"}
{"action":"deposit","status":"ok"}
{"action":"withdraw","status":"ok"}
